[SETUP] Build directories created
[BUILD] Building kernel for x86_64...
make[1]: Entering directory '/mnt/c/Users/woisr/Downloads/OS/kernel'
[INFO] x86_64-elf-gcc not found, using system GCC
[CC] sched/scheduler.c
wsl : sched/scheduler.c: In function ΓÇÿpick_next_threadΓÇÖ:
At line:1 char:1
+ wsl make kernel > build_output.txt 2>&1
+ ~~~~~~~~~~~~~~~~~~~~~~~~~~~~~~~~~~~~~~~
    + CategoryInfo          : NotSpecified: (sched/scheduler...next_threadΓÇÖ::String) [], RemoteException
    + FullyQualifiedErrorId : NativeCommandError
 
sched/scheduler.c:273:14: warning: unused variable ΓÇÿcpu_idΓÇÖ [-Wunused-variable]
  273 |     uint32_t cpu_id = cpu_get_current_id();
      |              ^~~~~~
At top level:
sched/scheduler.c:70:13: warning: ΓÇÿidle_thread_funcΓÇÖ defined but not used [-Wunused-function]
   70 | static void idle_thread_func(void* arg) {
      |             ^~~~~~~~~~~~~~~~
sched/scheduler.c:59:17: warning: ΓÇÿtick_counterΓÇÖ defined but not used [-Wunused-variable]
   59 | static uint32_t tick_counter[MAX_CPUS] = {0};
      |                 ^~~~~~~~~~~~
[LD] Linking kernel-x86_64.elf (ARCH=x86_64)
ld: hal/x86_64/ap_startup.o: in function `ap_init':
/mnt/c/Users/woisr/Downloads/OS/kernel/hal/x86_64/ap_startup.c:31: multiple definition of `ap_init'; hal/x86_64/ap_startup.o:/mnt/c/Users/woisr/Downloads/OS/kernel/hal/x86_64/ap_startup.c:31: first 
defined here
ld: hal/x86_64/ap_startup.o: in function `ap_initiate_startup':
/mnt/c/Users/woisr/Downloads/OS/kernel/hal/x86_64/ap_startup.c:78: multiple definition of `ap_initiate_startup'; hal/x86_64/ap_startup.o:/mnt/c/Users/woisr/Downloads/OS/kernel/hal/x86_64/ap_startup.c:78: 
first defined here
hal/x86_64/multiboot2.o: in function `multiboot2_entry':
/mnt/c/Users/woisr/Downloads/OS/kernel/hal/x86_64/multiboot2.S:50:(.text+0x1): relocation truncated to fit: R_X86_64_32 against `.bss'
/mnt/c/Users/woisr/Downloads/OS/kernel/hal/x86_64/multiboot2.S:56:(.text+0x7): relocation truncated to fit: R_X86_64_32 against `.bss'
/mnt/c/Users/woisr/Downloads/OS/kernel/hal/x86_64/multiboot2.S:63:(.text+0x15): relocation truncated to fit: R_X86_64_32 against `.bss'
/mnt/c/Users/woisr/Downloads/OS/kernel/hal/x86_64/multiboot2.S:65:(.text+0x1d): relocation truncated to fit: R_X86_64_32 against `.bss'
/mnt/c/Users/woisr/Downloads/OS/kernel/hal/x86_64/multiboot2.S:69:(.text+0x24): relocation truncated to fit: R_X86_64_32 against `.bss'
/mnt/c/Users/woisr/Downloads/OS/kernel/hal/x86_64/multiboot2.S:71:(.text+0x2c): relocation truncated to fit: R_X86_64_32 against `.bss'
/mnt/c/Users/woisr/Downloads/OS/kernel/hal/x86_64/multiboot2.S:75:(.text+0x33): relocation truncated to fit: R_X86_64_32 against `.bss'
/mnt/c/Users/woisr/Downloads/OS/kernel/hal/x86_64/multiboot2.S:85:(.text+0x4e): relocation truncated to fit: R_X86_64_32 against `.bss'
/mnt/c/Users/woisr/Downloads/OS/kernel/hal/x86_64/multiboot2.S:105:(.text+0x7a): relocation truncated to fit: R_X86_64_32 against `.text'
/mnt/c/Users/woisr/Downloads/OS/kernel/hal/x86_64/multiboot2.S:108:(.text+0x7f): relocation truncated to fit: R_X86_64_32 against `.text'
ld: hal/x86_64/ap_startup.o: in function `ap_initiate_startup':
/mnt/c/Users/woisr/Downloads/OS/kernel/hal/x86_64/ap_startup.c:131: undefined reference to `ap_startup_16_end'
ld: /mnt/c/Users/woisr/Downloads/OS/kernel/hal/x86_64/ap_startup.c:131: undefined reference to `ap_startup_16'
ld: /mnt/c/Users/woisr/Downloads/OS/kernel/hal/x86_64/ap_startup.c:152: undefined reference to `ap_page_table_addr'
ld: core/main.o: in function `kernel_main':
/mnt/c/Users/woisr/Downloads/OS/kernel/core/main.c:192: undefined reference to `bootsplash_set_message'
ld: /mnt/c/Users/woisr/Downloads/OS/kernel/core/main.c:266: undefined reference to `ap_startup'
ld: /mnt/c/Users/woisr/Downloads/OS/kernel/core/main.c:301: undefined reference to `mmap_init'
ld: /mnt/c/Users/woisr/Downloads/OS/kernel/core/main.c:361: undefined reference to `user_init'
ld: /mnt/c/Users/woisr/Downloads/OS/kernel/core/main.c:366: undefined reference to `capability_init'
ld: /mnt/c/Users/woisr/Downloads/OS/kernel/core/main.c:371: undefined reference to `rbac_init'
ld: /mnt/c/Users/woisr/Downloads/OS/kernel/core/main.c:376: undefined reference to `sandbox_init'
ld: /mnt/c/Users/woisr/Downloads/OS/kernel/core/main.c:381: undefined reference to `audit_init'
ld: /mnt/c/Users/woisr/Downloads/OS/kernel/core/main.c:391: undefined reference to `crypto_init'
ld: /mnt/c/Users/woisr/Downloads/OS/kernel/core/main.c:396: undefined reference to `memory_protection_init'
ld: /mnt/c/Users/woisr/Downloads/OS/kernel/core/main.c:401: undefined reference to `gpu_init'
ld: /mnt/c/Users/woisr/Downloads/OS/kernel/core/main.c:406: undefined reference to `cursor_init'
ld: /mnt/c/Users/woisr/Downloads/OS/kernel/core/main.c:411: undefined reference to `virtio_gpu_register_with_framework'
ld: /mnt/c/Users/woisr/Downloads/OS/kernel/core/main.c:455: undefined reference to `gfx_accel_init'
ld: /mnt/c/Users/woisr/Downloads/OS/kernel/core/main.c:460: undefined reference to `gfx_init_double_buffer'
ld: /mnt/c/Users/woisr/Downloads/OS/kernel/core/main.c:469: undefined reference to `arp_init'
ld: /mnt/c/Users/woisr/Downloads/OS/kernel/core/main.c:473: undefined reference to `icmp_init'
ld: /mnt/c/Users/woisr/Downloads/OS/kernel/core/main.c:477: undefined reference to `tcp_init'
ld: /mnt/c/Users/woisr/Downloads/OS/kernel/core/main.c:481: undefined reference to `socket_init'
ld: /mnt/c/Users/woisr/Downloads/OS/kernel/core/main.c:485: undefined reference to `dns_init'
ld: /mnt/c/Users/woisr/Downloads/OS/kernel/core/main.c:489: undefined reference to `dhcp_init'
ld: /mnt/c/Users/woisr/Downloads/OS/kernel/core/main.c:499: undefined reference to `bootsplash_set_progress'
ld: /mnt/c/Users/woisr/Downloads/OS/kernel/core/main.c:507: undefined reference to `run_all_tests'
ld: /mnt/c/Users/woisr/Downloads/OS/kernel/core/main.c:528: undefined reference to `launch_shell_userspace'
ld: /mnt/c/Users/woisr/Downloads/OS/kernel/core/main.c:180: undefined reference to `framebuffer_init'
ld: /mnt/c/Users/woisr/Downloads/OS/kernel/core/main.c:185: undefined reference to `bootsplash_init'
ld: /mnt/c/Users/woisr/Downloads/OS/kernel/core/main.c:190: undefined reference to `bootsplash_set_message'
ld: core/error_recovery.o: in function `error_recovery_push':
/mnt/c/Users/woisr/Downloads/OS/kernel/core/error_recovery.c:30: undefined reference to `sched_get_current_task'
ld: core/error_recovery.o: in function `error_recovery_pop':
/mnt/c/Users/woisr/Downloads/OS/kernel/core/error_recovery.c:52: undefined reference to `sched_get_current_task'
ld: core/error_recovery.o: in function `error_recovery_handle':
/mnt/c/Users/woisr/Downloads/OS/kernel/core/error_recovery.c:67: undefined reference to `sched_get_current_task'
ld: core/error_recovery.o: in function `error_recovery_cleanup_all':
/mnt/c/Users/woisr/Downloads/OS/kernel/core/error_recovery.c:89: undefined reference to `sched_get_current_task'
ld: mm/slab.o: in function `slab_init':
/mnt/c/Users/woisr/Downloads/OS/kernel/mm/slab.c:184: undefined reference to `spinlock_init'
ld: mm/slab.o: in function `slab_alloc':
/mnt/c/Users/woisr/Downloads/OS/kernel/mm/slab.c:206: undefined reference to `spinlock_lock'
ld: /mnt/c/Users/woisr/Downloads/OS/kernel/mm/slab.c:266: undefined reference to `spinlock_unlock'
ld: /mnt/c/Users/woisr/Downloads/OS/kernel/mm/slab.c:247: undefined reference to `spinlock_unlock'
ld: mm/slab.o: in function `slab_free':
/mnt/c/Users/woisr/Downloads/OS/kernel/mm/slab.c:313: undefined reference to `spinlock_lock'
ld: /mnt/c/Users/woisr/Downloads/OS/kernel/mm/slab.c:351: undefined reference to `spinlock_unlock'
ld: /mnt/c/Users/woisr/Downloads/OS/kernel/mm/slab.c:319: undefined reference to `spinlock_unlock'
ld: mm/slab.o: in function `slab_try_free':
/mnt/c/Users/woisr/Downloads/OS/kernel/mm/slab.c:371: undefined reference to `spinlock_lock'
ld: /mnt/c/Users/woisr/Downloads/OS/kernel/mm/slab.c:406: undefined reference to `spinlock_unlock'
ld: /mnt/c/Users/woisr/Downloads/OS/kernel/mm/slab.c:375: undefined reference to `spinlock_unlock'
ld: mm/dma.o: in function `dma_init':
/mnt/c/Users/woisr/Downloads/OS/kernel/mm/dma.c:212: undefined reference to `spinlock_init'
ld: mm/dma.o: in function `dma_alloc':
/mnt/c/Users/woisr/Downloads/OS/kernel/mm/dma.c:314: undefined reference to `spinlock_lock'
ld: /mnt/c/Users/woisr/Downloads/OS/kernel/mm/dma.c:317: undefined reference to `spinlock_unlock'
ld: mm/dma.o: in function `find_dma_buffer':
/mnt/c/Users/woisr/Downloads/OS/kernel/mm/dma.c:251: undefined reference to `spinlock_lock'
ld: /mnt/c/Users/woisr/Downloads/OS/kernel/mm/dma.c:258: undefined reference to `spinlock_unlock'
ld: /mnt/c/Users/woisr/Downloads/OS/kernel/mm/dma.c:254: undefined reference to `spinlock_unlock'
ld: /mnt/c/Users/woisr/Downloads/OS/kernel/mm/dma.c:251: undefined reference to `spinlock_lock'
ld: /mnt/c/Users/woisr/Downloads/OS/kernel/mm/dma.c:258: undefined reference to `spinlock_unlock'
ld: /mnt/c/Users/woisr/Downloads/OS/kernel/mm/dma.c:254: undefined reference to `spinlock_unlock'
ld: /mnt/c/Users/woisr/Downloads/OS/kernel/mm/dma.c:251: undefined reference to `spinlock_lock'
ld: /mnt/c/Users/woisr/Downloads/OS/kernel/mm/dma.c:258: undefined reference to `spinlock_unlock'
ld: /mnt/c/Users/woisr/Downloads/OS/kernel/mm/dma.c:254: undefined reference to `spinlock_unlock'
ld: /mnt/c/Users/woisr/Downloads/OS/kernel/mm/dma.c:251: undefined reference to `spinlock_lock'
ld: /mnt/c/Users/woisr/Downloads/OS/kernel/mm/dma.c:258: undefined reference to `spinlock_unlock'
ld: /mnt/c/Users/woisr/Downloads/OS/kernel/mm/dma.c:254: undefined reference to `spinlock_unlock'
ld: /mnt/c/Users/woisr/Downloads/OS/kernel/mm/dma.c:251: undefined reference to `spinlock_lock'
ld: /mnt/c/Users/woisr/Downloads/OS/kernel/mm/dma.c:258: undefined reference to `spinlock_unlock'
ld: /mnt/c/Users/woisr/Downloads/OS/kernel/mm/dma.c:254: undefined reference to `spinlock_unlock'
ld: sched/scheduler.o: in function `scheduler_init_per_cpu':
/mnt/c/Users/woisr/Downloads/OS/kernel/sched/scheduler.c:139: undefined reference to `spinlock_init'
ld: sched/scheduler.o: in function `scheduler_init':
/mnt/c/Users/woisr/Downloads/OS/kernel/sched/scheduler.c:164: undefined reference to `spinlock_init'
ld: sched/scheduler.o: in function `add_to_ready_queue':
/mnt/c/Users/woisr/Downloads/OS/kernel/sched/scheduler.c:212: undefined reference to `spinlock_lock'
ld: /mnt/c/Users/woisr/Downloads/OS/kernel/sched/scheduler.c:227: undefined reference to `spinlock_unlock'
ld: sched/scheduler.o: in function `remove_from_ready_queue':
/mnt/c/Users/woisr/Downloads/OS/kernel/sched/scheduler.c:234: undefined reference to `spinlock_unlock'
ld: /mnt/c/Users/woisr/Downloads/OS/kernel/sched/scheduler.c:242: undefined reference to `spinlock_lock'
ld: sched/scheduler.o: in function `thread_create':
/mnt/c/Users/woisr/Downloads/OS/kernel/sched/scheduler.c:379: undefined reference to `spinlock_lock'
ld: /mnt/c/Users/woisr/Downloads/OS/kernel/sched/scheduler.c:381: undefined reference to `spinlock_unlock'
ld: sched/scheduler.o: in function `pick_next_thread':
/mnt/c/Users/woisr/Downloads/OS/kernel/sched/scheduler.c:276: undefined reference to `spinlock_lock'
ld: /mnt/c/Users/woisr/Downloads/OS/kernel/sched/scheduler.c:300: undefined reference to `spinlock_unlock'
ld: sched/scheduler.o: in function `thread_exit':
/mnt/c/Users/woisr/Downloads/OS/kernel/sched/scheduler.c:409: undefined reference to `spinlock_lock'
ld: /mnt/c/Users/woisr/Downloads/OS/kernel/sched/scheduler.c:411: undefined reference to `spinlock_unlock'
ld: sched/scheduler.o: in function `thread_sleep':
/mnt/c/Users/woisr/Downloads/OS/kernel/sched/scheduler.c:455: undefined reference to `spinlock_lock'
ld: /mnt/c/Users/woisr/Downloads/OS/kernel/sched/scheduler.c:458: undefined reference to `spinlock_unlock'
ld: sched/scheduler.o: in function `scheduler_tick':
/mnt/c/Users/woisr/Downloads/OS/kernel/sched/scheduler.c:532: undefined reference to `spinlock_lock'
ld: /mnt/c/Users/woisr/Downloads/OS/kernel/sched/scheduler.c:560: undefined reference to `spinlock_unlock'
ld: sched/scheduler.o: in function `thread_block':
/mnt/c/Users/woisr/Downloads/OS/kernel/sched/scheduler.c:599: undefined reference to `spinlock_lock'
ld: /mnt/c/Users/woisr/Downloads/OS/kernel/sched/scheduler.c:602: undefined reference to `spinlock_unlock'
ld: sched/scheduler.o: in function `thread_unblock':
/mnt/c/Users/woisr/Downloads/OS/kernel/sched/scheduler.c:621: undefined reference to `spinlock_lock'
ld: /mnt/c/Users/woisr/Downloads/OS/kernel/sched/scheduler.c:621: undefined reference to `spinlock_unlock'
ld: sched/load_balance.o: in function `get_runqueue_length':
/mnt/c/Users/woisr/Downloads/OS/kernel/sched/load_balance.c:39: undefined reference to `spinlock_lock'
ld: /mnt/c/Users/woisr/Downloads/OS/kernel/sched/load_balance.c:49: undefined reference to `spinlock_unlock'
ld: sched/load_balance.o: in function `scheduler_load_balance':
/mnt/c/Users/woisr/Downloads/OS/kernel/sched/load_balance.c:117: undefined reference to `spinlock_lock'
ld: /mnt/c/Users/woisr/Downloads/OS/kernel/sched/load_balance.c:126: undefined reference to `spinlock_unlock'
ld: /mnt/c/Users/woisr/Downloads/OS/kernel/sched/load_balance.c:137: undefined reference to `spinlock_unlock'
ld: sched/cpu_affinity.o: in function `thread_set_affinity':
/mnt/c/Users/woisr/Downloads/OS/kernel/sched/cpu_affinity.c:35: undefined reference to `spinlock_lock'
ld: /mnt/c/Users/woisr/Downloads/OS/kernel/sched/cpu_affinity.c:45: undefined reference to `spinlock_unlock'
ld: /mnt/c/Users/woisr/Downloads/OS/kernel/sched/cpu_affinity.c:38: undefined reference to `spinlock_unlock'
ld: sched/cpu_affinity.o: in function `thread_get_affinity':
/mnt/c/Users/woisr/Downloads/OS/kernel/sched/cpu_affinity.c:59: undefined reference to `spinlock_lock'
ld: /mnt/c/Users/woisr/Downloads/OS/kernel/sched/cpu_affinity.c:68: undefined reference to `spinlock_unlock'
ld: /mnt/c/Users/woisr/Downloads/OS/kernel/sched/cpu_affinity.c:62: undefined reference to `spinlock_unlock'
ld: sched/work_stealing.o: in function `try_steal_from_cpu':
/mnt/c/Users/woisr/Downloads/OS/kernel/sched/work_stealing.c:46: undefined reference to `spinlock_trylock'
ld: /mnt/c/Users/woisr/Downloads/OS/kernel/sched/work_stealing.c:79: undefined reference to `spinlock_unlock'
ld: /mnt/c/Users/woisr/Downloads/OS/kernel/sched/work_stealing.c:79: undefined reference to `spinlock_unlock'
ld: /mnt/c/Users/woisr/Downloads/OS/kernel/sched/work_stealing.c:79: undefined reference to `spinlock_unlock'
ld: ipc/ipc.o: in function `ipc_init':
/mnt/c/Users/woisr/Downloads/OS/kernel/ipc/ipc.c:62: undefined reference to `spinlock_init'
ld: ipc/ipc.o: in function `ipc_create_port':
/mnt/c/Users/woisr/Downloads/OS/kernel/ipc/ipc.c:75: undefined reference to `spinlock_lock'
ld: /mnt/c/Users/woisr/Downloads/OS/kernel/ipc/ipc.c:97: undefined reference to `spinlock_init'
ld: /mnt/c/Users/woisr/Downloads/OS/kernel/ipc/ipc.c:101: undefined reference to `spinlock_unlock'
ld: /mnt/c/Users/woisr/Downloads/OS/kernel/ipc/ipc.c:78: undefined reference to `spinlock_unlock'
ld: ipc/ipc.o: in function `ipc_destroy_port':
/mnt/c/Users/woisr/Downloads/OS/kernel/ipc/ipc.c:114: undefined reference to `spinlock_lock'
ld: /mnt/c/Users/woisr/Downloads/OS/kernel/ipc/ipc.c:149: undefined reference to `spinlock_unlock'
ld: /mnt/c/Users/woisr/Downloads/OS/kernel/ipc/ipc.c:118: undefined reference to `spinlock_unlock'
ld: ipc/ipc.o: in function `ipc_send':
/mnt/c/Users/woisr/Downloads/OS/kernel/ipc/ipc.c:167: undefined reference to `spinlock_lock'
ld: /mnt/c/Users/woisr/Downloads/OS/kernel/ipc/ipc.c:169: undefined reference to `spinlock_unlock'
ld: /mnt/c/Users/woisr/Downloads/OS/kernel/ipc/ipc.c:178: undefined reference to `capability_find_for_port'
ld: /mnt/c/Users/woisr/Downloads/OS/kernel/ipc/ipc.c:186: undefined reference to `capability_check'
ld: ipc/ipc.o: in function `ipc_receive':
/mnt/c/Users/woisr/Downloads/OS/kernel/ipc/ipc.c:256: undefined reference to `spinlock_lock'
ld: /mnt/c/Users/woisr/Downloads/OS/kernel/ipc/ipc.c:258: undefined reference to `spinlock_unlock'
ld: /mnt/c/Users/woisr/Downloads/OS/kernel/ipc/ipc.c:267: undefined reference to `capability_find_for_port'
ld: /mnt/c/Users/woisr/Downloads/OS/kernel/ipc/ipc.c:275: undefined reference to `capability_check'
ld: ipc/ipc.o: in function `ipc_try_receive':
/mnt/c/Users/woisr/Downloads/OS/kernel/ipc/ipc.c:339: undefined reference to `spinlock_lock'
ld: /mnt/c/Users/woisr/Downloads/OS/kernel/ipc/ipc.c:341: undefined reference to `spinlock_unlock'
ld: ipc/shared_memory.o: in function `shared_memory_init':
/mnt/c/Users/woisr/Downloads/OS/kernel/ipc/shared_memory.c:37: undefined reference to `spinlock_init'
ld: ipc/shared_memory.o: in function `shared_memory_create':
/mnt/c/Users/woisr/Downloads/OS/kernel/ipc/shared_memory.c:91: undefined reference to `spinlock_lock'
ld: /mnt/c/Users/woisr/Downloads/OS/kernel/ipc/shared_memory.c:141: undefined reference to `spinlock_unlock'
ld: /mnt/c/Users/woisr/Downloads/OS/kernel/ipc/shared_memory.c:120: undefined reference to `spinlock_unlock'
ld: /mnt/c/Users/woisr/Downloads/OS/kernel/ipc/shared_memory.c:111: undefined reference to `spinlock_unlock'
ld: /mnt/c/Users/woisr/Downloads/OS/kernel/ipc/shared_memory.c:102: undefined reference to `spinlock_unlock'
ld: ipc/shared_memory.o: in function `shared_memory_map':
/mnt/c/Users/woisr/Downloads/OS/kernel/ipc/shared_memory.c:157: undefined reference to `spinlock_lock'
ld: /mnt/c/Users/woisr/Downloads/OS/kernel/ipc/shared_memory.c:219: undefined reference to `spinlock_unlock'
ld: /mnt/c/Users/woisr/Downloads/OS/kernel/ipc/shared_memory.c:160: undefined reference to `spinlock_unlock'
ld: /mnt/c/Users/woisr/Downloads/OS/kernel/ipc/shared_memory.c:211: undefined reference to `spinlock_unlock'
ld: /mnt/c/Users/woisr/Downloads/OS/kernel/ipc/shared_memory.c:170: undefined reference to `spinlock_unlock'
ld: /mnt/c/Users/woisr/Downloads/OS/kernel/ipc/shared_memory.c:177: undefined reference to `spinlock_unlock'
ld: ipc/shared_memory.o: in function `find_mapping':
/mnt/c/Users/woisr/Downloads/OS/kernel/ipc/shared_memory.c:64: undefined reference to `spinlock_lock'
ld: /mnt/c/Users/woisr/Downloads/OS/kernel/ipc/shared_memory.c:70: undefined reference to `spinlock_unlock'
ld: /mnt/c/Users/woisr/Downloads/OS/kernel/ipc/shared_memory.c:75: undefined reference to `spinlock_unlock'
ld: ipc/shared_memory.o: in function `shared_memory_destroy':
/mnt/c/Users/woisr/Downloads/OS/kernel/ipc/shared_memory.c:315: undefined reference to `spinlock_lock'
ld: /mnt/c/Users/woisr/Downloads/OS/kernel/ipc/shared_memory.c:337: undefined reference to `spinlock_unlock'
ld: /mnt/c/Users/woisr/Downloads/OS/kernel/ipc/shared_memory.c:318: undefined reference to `spinlock_unlock'
ld: /mnt/c/Users/woisr/Downloads/OS/kernel/ipc/shared_memory.c:324: undefined reference to `spinlock_unlock'
ld: ipc/shared_memory.o: in function `shared_memory_get_info':
/mnt/c/Users/woisr/Downloads/OS/kernel/ipc/shared_memory.c:354: undefined reference to `spinlock_lock'
ld: /mnt/c/Users/woisr/Downloads/OS/kernel/ipc/shared_memory.c:364: undefined reference to `spinlock_unlock'
ld: /mnt/c/Users/woisr/Downloads/OS/kernel/ipc/shared_memory.c:357: undefined reference to `spinlock_unlock'
ld: syscall/syscall.o: in function `syscall_handler':
/mnt/c/Users/woisr/Downloads/OS/kernel/syscall/syscall.c:729: undefined reference to `time_get_uptime_ms'
ld: /mnt/c/Users/woisr/Downloads/OS/kernel/syscall/syscall.c:643: undefined reference to `capability_check'
ld: /mnt/c/Users/woisr/Downloads/OS/kernel/syscall/syscall.c:635: undefined reference to `capability_create'
ld: /mnt/c/Users/woisr/Downloads/OS/kernel/syscall/syscall.c:533: undefined reference to `pci_write_config'
ld: /mnt/c/Users/woisr/Downloads/OS/kernel/syscall/syscall.c:522: undefined reference to `pci_read_config'
ld: /mnt/c/Users/woisr/Downloads/OS/kernel/syscall/syscall.c:499: undefined reference to `gfx_swap_buffers'
ld: /mnt/c/Users/woisr/Downloads/OS/kernel/syscall/syscall.c:493: undefined reference to `taskbar_render'
ld: /mnt/c/Users/woisr/Downloads/OS/kernel/syscall/syscall.c:487: undefined reference to `desktop_render'
ld: /mnt/c/Users/woisr/Downloads/OS/kernel/syscall/syscall.c:233: undefined reference to `get_current_uid'
ld: /mnt/c/Users/woisr/Downloads/OS/kernel/syscall/syscall.c:346: undefined reference to `mmap_free'
ld: /mnt/c/Users/woisr/Downloads/OS/kernel/syscall/syscall.c:320: undefined reference to `mmap_alloc'
ld: process/process.o: in function `process_create':
/mnt/c/Users/woisr/Downloads/OS/kernel/process/process.c:185: undefined reference to `time_get_uptime_ms'
ld: process/fork_exec.o: in function `process_exec':
/mnt/c/Users/woisr/Downloads/OS/kernel/process/fork_exec.c:178: undefined reference to `vmm_allocate_pages'
ld: process/spawn.o: in function `process_spawn':
/mnt/c/Users/woisr/Downloads/OS/kernel/process/spawn.c:51: undefined reference to `get_current_uid'
ld: /mnt/c/Users/woisr/Downloads/OS/kernel/process/spawn.c:52: undefined reference to `get_current_gid'
ld: /mnt/c/Users/woisr/Downloads/OS/kernel/process/spawn.c:55: undefined reference to `audit_log'
ld: fs/vfs.o: in function `vfs_open':
/mnt/c/Users/woisr/Downloads/OS/kernel/fs/vfs.c:291: undefined reference to `get_current_uid'
ld: /mnt/c/Users/woisr/Downloads/OS/kernel/fs/vfs.c:292: undefined reference to `get_current_gid'
ld: fs/disk_encryption.o: in function `encrypted_read_block':
/mnt/c/Users/woisr/Downloads/OS/kernel/fs/disk_encryption.c:68: undefined reference to `crypto_decrypt'
ld: fs/disk_encryption.o: in function `encrypted_write_blocks':
/mnt/c/Users/woisr/Downloads/OS/kernel/fs/disk_encryption.c:170: undefined reference to `crypto_encrypt'
ld: fs/disk_encryption.o: in function `encrypted_read_blocks':
/mnt/c/Users/woisr/Downloads/OS/kernel/fs/disk_encryption.c:135: undefined reference to `crypto_decrypt'
ld: fs/disk_encryption.o: in function `encrypted_write_block':
/mnt/c/Users/woisr/Downloads/OS/kernel/fs/disk_encryption.c:96: undefined reference to `crypto_encrypt'
ld: fs/disk_encryption.o: in function `disk_encryption_init':
/mnt/c/Users/woisr/Downloads/OS/kernel/fs/disk_encryption.c:199: undefined reference to `crypto_init'
ld: fs/disk_encryption.o: in function `disk_encryption_generate_key':
/mnt/c/Users/woisr/Downloads/OS/kernel/fs/disk_encryption.c:357: undefined reference to `crypto_random_bytes'
ld: fs/disk_encryption.o: in function `disk_encryption_derive_key_from_password':
/mnt/c/Users/woisr/Downloads/OS/kernel/fs/disk_encryption.c:371: undefined reference to `crypto_pbkdf2'
ld: fs/ntfs.o: in function `ntfs_find_file':
/mnt/c/Users/woisr/Downloads/OS/kernel/fs/ntfs.c:311: undefined reference to `strtok'
ld: fs/fat32_create.o: in function `fat32_create_file':
/mnt/c/Users/woisr/Downloads/OS/kernel/fs/fat32_create.c:140: undefined reference to `rtc_get_time'
ld: fs/permissions.o: in function `permissions_get_current_uid':
/mnt/c/Users/woisr/Downloads/OS/kernel/fs/permissions.c:120: undefined reference to `get_current_uid'
ld: fs/permissions.o: in function `permissions_get_current_gid':
/mnt/c/Users/woisr/Downloads/OS/kernel/fs/permissions.c:127: undefined reference to `get_current_gid'
ld: fs/acl.o: in function `acl_init':
/mnt/c/Users/woisr/Downloads/OS/kernel/fs/acl.c:25: undefined reference to `spinlock_init'
ld: hal/x86_64/hal_impl.o: in function `hal_ap_start':
/mnt/c/Users/woisr/Downloads/OS/kernel/hal/x86_64/hal_impl.c:335: undefined reference to `ap_startup'
ld: hal/x86_64/serial.o: in function `serial_init':
/mnt/c/Users/woisr/Downloads/OS/kernel/hal/x86_64/serial.c:67: undefined reference to `rust_serial_init'
ld: hal/x86_64/serial.o: in function `serial_putc':
/mnt/c/Users/woisr/Downloads/OS/kernel/hal/x86_64/serial.c:75: undefined reference to `rust_serial_write'
ld: hal/x86_64/serial.o: in function `serial_puts':
/mnt/c/Users/woisr/Downloads/OS/kernel/hal/x86_64/serial.c:90: undefined reference to `rust_serial_write'
ld: hal/x86_64/serial.o: in function `serial_write_char':
/mnt/c/Users/woisr/Downloads/OS/kernel/hal/x86_64/serial.c:116: undefined reference to `rust_serial_write'
ld: hal/x86_64/interrupts.o: in function `interrupt_handler_c':
/mnt/c/Users/woisr/Downloads/OS/kernel/hal/x86_64/interrupts.c:92: undefined reference to `keyboard_interrupt_handler'
ld: /mnt/c/Users/woisr/Downloads/OS/kernel/hal/x86_64/interrupts.c:102: undefined reference to `mouse_interrupt_handler'
ld: hal/x86_64/irq_handler.o: in function `irq_register':
/mnt/c/Users/woisr/Downloads/OS/kernel/hal/x86_64/irq_handler.c:42: undefined reference to `spinlock_lock'
ld: /mnt/c/Users/woisr/Downloads/OS/kernel/hal/x86_64/irq_handler.c:48: undefined reference to `spinlock_unlock'
ld: /mnt/c/Users/woisr/Downloads/OS/kernel/hal/x86_64/irq_handler.c:72: undefined reference to `spinlock_unlock'
ld: hal/x86_64/irq_handler.o: in function `irq_unregister':
/mnt/c/Users/woisr/Downloads/OS/kernel/hal/x86_64/irq_handler.c:85: undefined reference to `spinlock_lock'
ld: /mnt/c/Users/woisr/Downloads/OS/kernel/hal/x86_64/irq_handler.c:93: undefined reference to `spinlock_unlock'
ld: /mnt/c/Users/woisr/Downloads/OS/kernel/hal/x86_64/irq_handler.c:100: undefined reference to `spinlock_unlock'
ld: hal/x86_64/ap_startup.o: in function `ap_initiate_startup':
/mnt/c/Users/woisr/Downloads/OS/kernel/hal/x86_64/ap_startup.c:131: undefined reference to `ap_startup_16_end'
ld: /mnt/c/Users/woisr/Downloads/OS/kernel/hal/x86_64/ap_startup.c:131: undefined reference to `ap_startup_16'
ld: /mnt/c/Users/woisr/Downloads/OS/kernel/hal/x86_64/ap_startup.c:152: undefined reference to `ap_page_table_addr'
make[1]: *** [Makefile:18: kernel-x86_64.elf] Error 1
make[1]: Leaving directory '/mnt/c/Users/woisr/Downloads/OS/kernel'
make: *** [Makefile:114: kernel] Error 2
